==============================================
  IPPO Unfair Coin Game - Full Training
==============================================
Job ID: 18451238
Node: gcn5
Time limit: 10 hours

Loading modules...
Activating virtual environment...

🔍 Verifying JAX GPU setup...
   JAX 0.4.30, Backend: gpu, Devices: [cuda(id=0)]

==============================================
  Running: ippo_unfair_coin_col
  Config: Full paper experiment (1B timesteps)
  Environment: Unfair Coin Game (green_coin_prob=0.9375)
  Rewards: Collective (shared_rewards=True)
==============================================

Error executing job with overrides: []
Traceback (most recent call last):
  File "/gpfs/home1/scur0012/simon/fact_fcgrad/external/SocialJax/algorithms/IPPO/ippo_cnn_coins.py", line 801, in main
    if config["TUNE"]:
       ~~~~~~^^^^^^^^
omegaconf.errors.ConfigKeyError: Key 'TUNE' is not in struct
    full_key: TUNE
    object_type=dict

Set the environment variable HYDRA_FULL_ERROR=1 for a complete stack trace.

Training complete
Check wandb project: ippo-unfair-coin-test
Models saved to: checkpoints/indvidual/
