==============================================
  Job: IPPO Individual Baseline
  Seed: 52
  Config: ippo_unfair_coin (1B steps)
  Start: Sat Jan 24 15:26:51 CET 2026
==============================================

GPU Info:
name, memory.total [MiB]
NVIDIA A100-SXM4-40GB, 40960 MiB
NVIDIA A100-SXM4-40GB, 40960 MiB
NVIDIA A100-SXM4-40GB, 40960 MiB
NVIDIA A100-SXM4-40GB, 40960 MiB

Running IPPO: ippo_cnn_coins
Config: ippo_unfair_coin
Working directory: /gpfs/home1/scur0012/simon/fact_fcgrad


Starting training: 3906.0 updates, 1,000,000,000.0 timesteps
Error running IPPO: CoinGame.__init__() got an unexpected keyword argument 'green_coin_prob'
[1;34mwandb[0m: 
[1;34mwandb[0m: 🚀 View run [33mippo_cnn_coins_seed52[0m at: [34m[0m
[1;34mwandb[0m: Find logs at: [1;35m../../../../gpfs/home1/scur0012/simon/fact_fcgrad/wandb/run-20260124_152657-mi95ssd8/logs[0m

==============================================
  Job Complete: Sat Jan 24 15:26:59 CET 2026
==============================================
